--------------------------------------------------------------------------------
Release 14.7 Trace  (nt64)
Copyright (c) 1995-2013 Xilinx, Inc.  All rights reserved.

C:\Xilinx\14.7\ISE_DS\ISE\bin\nt64\unwrapped\trce.exe -intstyle ise -v 3 -s 3
-n 3 -fastpaths -xml multy.twx multy.ncd -o multy.twr multy.pcf

Design file:              multy.ncd
Physical constraint file: multy.pcf
Device,package,speed:     xc6slx4,tqg144,C,-3 (PRODUCTION 1.23 2013-10-13)
Report level:             verbose report

Environment Variable      Effect 
--------------------      ------ 
NONE                      No environment variables were set
--------------------------------------------------------------------------------

INFO:Timing:2698 - No timing constraints found, doing default enumeration.
INFO:Timing:3412 - To improve timing, see the Timing Closure User Guide (UG612).
INFO:Timing:2752 - To get complete path coverage, use the unconstrained paths 
   option. All paths that are not constrained will be reported in the 
   unconstrained paths section(s) of the report.
INFO:Timing:3339 - The clock-to-out numbers in this timing report are based on 
   a 50 Ohm transmission line loading model.  For the details of this model, 
   and for more information on accounting for different loading conditions, 
   please see the device datasheet.



Data Sheet report:
-----------------
All values displayed in nanoseconds (ns)

Pad to Pad
---------------+---------------+---------+
Source Pad     |Destination Pad|  Delay  |
---------------+---------------+---------+
x<0>           |p<0>           |    6.423|
x<0>           |p<1>           |    6.797|
x<0>           |p<2>           |    8.037|
x<0>           |p<3>           |    9.610|
x<0>           |p<4>           |   10.926|
x<0>           |p<5>           |   12.817|
x<0>           |p<6>           |   13.973|
x<0>           |p<7>           |   15.205|
x<0>           |p<8>           |   16.917|
x<0>           |p<9>           |   17.359|
x<0>           |p<10>          |   18.253|
x<0>           |p<11>          |   18.078|
x<1>           |p<1>           |    6.701|
x<1>           |p<2>           |    7.993|
x<1>           |p<3>           |    9.566|
x<1>           |p<4>           |   10.882|
x<1>           |p<5>           |   12.773|
x<1>           |p<6>           |   13.929|
x<1>           |p<7>           |   15.161|
x<1>           |p<8>           |   16.873|
x<1>           |p<9>           |   17.315|
x<1>           |p<10>          |   18.209|
x<1>           |p<11>          |   18.034|
x<2>           |p<2>           |    7.438|
x<2>           |p<3>           |    8.523|
x<2>           |p<4>           |   10.399|
x<2>           |p<5>           |   12.290|
x<2>           |p<6>           |   13.446|
x<2>           |p<7>           |   14.678|
x<2>           |p<8>           |   16.390|
x<2>           |p<9>           |   16.832|
x<2>           |p<10>          |   17.726|
x<2>           |p<11>          |   17.551|
x<3>           |p<3>           |    7.174|
x<3>           |p<4>           |   10.645|
x<3>           |p<5>           |   12.536|
x<3>           |p<6>           |   13.692|
x<3>           |p<7>           |   14.924|
x<3>           |p<8>           |   16.636|
x<3>           |p<9>           |   17.078|
x<3>           |p<10>          |   17.972|
x<3>           |p<11>          |   17.797|
x<4>           |p<4>           |    8.770|
x<4>           |p<5>           |   11.241|
x<4>           |p<6>           |   12.368|
x<4>           |p<7>           |   13.629|
x<4>           |p<8>           |   15.341|
x<4>           |p<9>           |   15.783|
x<4>           |p<10>          |   16.677|
x<4>           |p<11>          |   16.502|
x<5>           |p<5>           |    9.302|
x<5>           |p<6>           |   10.429|
x<5>           |p<7>           |   11.690|
x<5>           |p<8>           |   13.402|
x<5>           |p<9>           |   13.844|
x<5>           |p<10>          |   14.738|
x<5>           |p<11>          |   14.563|
y<0>           |p<0>           |    7.733|
y<0>           |p<1>           |    8.107|
y<0>           |p<2>           |    8.234|
y<0>           |p<3>           |    9.807|
y<0>           |p<4>           |   11.123|
y<0>           |p<5>           |   13.014|
y<0>           |p<6>           |   14.170|
y<0>           |p<7>           |   15.402|
y<0>           |p<8>           |   17.114|
y<0>           |p<9>           |   17.556|
y<0>           |p<10>          |   18.450|
y<0>           |p<11>          |   18.275|
y<1>           |p<1>           |    6.815|
y<1>           |p<2>           |    7.572|
y<1>           |p<3>           |    8.985|
y<1>           |p<4>           |   10.301|
y<1>           |p<5>           |   12.192|
y<1>           |p<6>           |   13.348|
y<1>           |p<7>           |   14.580|
y<1>           |p<8>           |   16.292|
y<1>           |p<9>           |   16.734|
y<1>           |p<10>          |   17.628|
y<1>           |p<11>          |   17.453|
y<2>           |p<2>           |    7.042|
y<2>           |p<3>           |    8.324|
y<2>           |p<4>           |    9.396|
y<2>           |p<5>           |   11.287|
y<2>           |p<6>           |   12.443|
y<2>           |p<7>           |   13.675|
y<2>           |p<8>           |   15.387|
y<2>           |p<9>           |   15.829|
y<2>           |p<10>          |   16.723|
y<2>           |p<11>          |   16.548|
y<3>           |p<3>           |    7.208|
y<3>           |p<4>           |    7.990|
y<3>           |p<5>           |    9.312|
y<3>           |p<6>           |   11.038|
y<3>           |p<7>           |   12.033|
y<3>           |p<8>           |   13.598|
y<3>           |p<9>           |   14.040|
y<3>           |p<10>          |   14.934|
y<3>           |p<11>          |   14.759|
y<4>           |p<4>           |    7.506|
y<4>           |p<5>           |    9.548|
y<4>           |p<6>           |   10.153|
y<4>           |p<7>           |   11.936|
y<4>           |p<8>           |   13.648|
y<4>           |p<9>           |   14.090|
y<4>           |p<10>          |   14.984|
y<4>           |p<11>          |   14.809|
y<5>           |p<5>           |    7.577|
y<5>           |p<6>           |    8.697|
y<5>           |p<7>           |    9.965|
y<5>           |p<8>           |   11.677|
y<5>           |p<9>           |   12.119|
y<5>           |p<10>          |   13.013|
y<5>           |p<11>          |   12.838|
---------------+---------------+---------+


Analysis completed Thu Mar 09 15:39:43 2023 
--------------------------------------------------------------------------------

Trace Settings:
-------------------------
Trace Settings 

Peak Memory Usage: 4553 MB



